Initializing...
Loading settings...
Checking RPC connectivity...
Compiling workflow...
✓ Workflow compiled
✓ Simulation limits enabled
  HTTP: req=120kb resp=250kb timeout=10s | ConfHTTP: req=125kb resp=500kb timeout=1m30s | Consensus obs=25kb | ChainWrite evm_report=50kb evm_gas=10000000 solana_report=265b solana_cu=300000 | WASM binary=100mb compressed=20mb
  Binary hash: ee30f03d5d9679d3f98eb8b24ee49bb075190a71bd8d009ae6311246e6c68937
  Config hash: 66fd92ea3756663c04866125c4818d9f64f41b9f5ddb9f73ba37e02afac2414a
✓ Loaded JSON from file: /Users/gilbertsahumada/projects/private-hire/.local/accept.json
✓ Created HTTP trigger payload with 1 fields
2026-09-12T11:42:32Z [SIMULATION] Simulator Initialized

2026-09-12T11:42:32Z [SIMULATION] Running trigger trigger=http-trigger@1.0.0-alpha
╭────────────────────────────────────────────────────────────────────────────────────────────────────╮
│ Trigger requested TEE Execution your trigger will run in one of the following Tees:                │
│     - AWS Nitro in us-west-2                                                                       │
│ The simulator is not a real TEE, and is meant to debug.                                            │
│ Do not use it for sensitive information.                                                           │
│ During real execution, user logs for this trigger will not be visible, and will not leave the TEE. │
│ They are presented in the simulator for debugging only.                                            │
│                                                                                                    │
╰────────────────────────────────────────────────────────────────────────────────────────────────────╯


✓ Workflow Simulation Result:
"CRE_SIMULATION decision=1 txHash=0x4b8ebf26e1777690b52bf0d29af4208f183fd7493d62fccda9f06ef6d60a14a5"

2026-09-12T11:42:33Z [SIMULATION] Execution finished signal received
2026-09-12T11:42:33Z [SIMULATION] Skipping WorkflowEngineV2
