Initializing...
Loading settings...
! Using default private key for chain write simulation. To use your own key, set CRE_ETH_PRIVATE_KEY in your .env file or system environment.
Checking RPC connectivity...
Compiling workflow...
✓ Workflow compiled
✓ Simulation limits enabled
  HTTP: req=120kb resp=250kb timeout=10s | ConfHTTP: req=125kb resp=500kb timeout=1m30s | Consensus obs=25kb | ChainWrite evm_report=50kb evm_gas=10000000 solana_report=265b solana_cu=300000 | WASM binary=100mb compressed=20mb
  Binary hash: ee30f03d5d9679d3f98eb8b24ee49bb075190a71bd8d009ae6311246e6c68937
  Config hash: 9827b11898a4bc660433b6b3c8cd96e006397708346bdedf88c27b518cfbbb37
✓ Loaded JSON from file: /Users/gilbertsahumada/projects/private-hire/.local/accept.json
✓ Created HTTP trigger payload with 1 fields
2026-09-12T13:46:57Z [SIMULATION] Simulator Initialized

2026-09-12T13:46:57Z [SIMULATION] Running trigger trigger=http-trigger@1.0.0-alpha
╭────────────────────────────────────────────────────────────────────────────────────────────────────╮
│ Trigger requested TEE Execution your trigger will run in one of the following Tees:                │
│     - AWS Nitro in us-west-2                                                                       │
│ The simulator is not a real TEE, and is meant to debug.                                            │
│ Do not use it for sensitive information.                                                           │
│ During real execution, user logs for this trigger will not be visible, and will not leave the TEE. │
│ They are presented in the simulator for debugging only.                                            │
│                                                                                                    │
╰────────────────────────────────────────────────────────────────────────────────────────────────────╯


✓ Workflow Simulation Result:
"SIMULATION_TRANSPORT_ONLY decision=1 arcDecimals=6"

2026-09-12T13:46:58Z [SIMULATION] Execution finished signal received
2026-09-12T13:46:58Z [SIMULATION] Skipping WorkflowEngineV2
