Initializing...
Loading settings...
Checking RPC connectivity...
Compiling workflow...
✓ Workflow compiled
✓ Simulation limits enabled
  HTTP: req=120kb resp=250kb timeout=10s | ConfHTTP: req=125kb resp=500kb timeout=1m30s | Consensus obs=25kb | ChainWrite evm_report=50kb evm_gas=10000000 solana_report=265b solana_cu=300000 | WASM binary=100mb compressed=20mb
  Binary hash: 6f81665c49c7e37b55329ecc8ed560e949773b841ef8d079e5463af3b5651f37
  Config hash: 31b8ada8aea883f6298eb54bebe52009d91f10d4d974d1e1f10ef76a19d08e8c
✓ Loaded JSON from file: /Users/gilbertsahumada/projects/private-hire/.local/job-trigger.json
✓ Created HTTP trigger payload with 3 fields
2026-09-13T17:26:08Z [SIMULATION] Simulator Initialized

2026-09-13T17:26:08Z [SIMULATION] Running trigger trigger=http-trigger@1.0.0-alpha
╭────────────────────────────────────────────────────────────────────────────────────────────────────╮
│ Trigger requested TEE Execution your trigger will run in one of the following Tees:                │
│     - AWS Nitro in us-west-2                                                                       │
│ The simulator is not a real TEE, and is meant to debug.                                            │
│ Do not use it for sensitive information.                                                           │
│ During real execution, user logs for this trigger will not be visible, and will not leave the TEE. │
│ They are presented in the simulator for debugging only.                                            │
│                                                                                                    │
╰────────────────────────────────────────────────────────────────────────────────────────────────────╯


✓ Workflow Simulation Result:
"JOB_EVALUATED jobId=186296 decision=1 txHash=0x0a4ca1b9faf2c23dd0afefad4639b2ffe71af42e49b2f1b31e464656e1d8a910"

2026-09-13T17:26:16Z [SIMULATION] Execution finished signal received
2026-09-13T17:26:16Z [SIMULATION] Skipping WorkflowEngineV2
