Initializing...
Loading settings...
! Using default private key for chain write simulation. To use your own key, set CRE_ETH_PRIVATE_KEY in your .env file or system environment.
Checking RPC connectivity...
Compiling workflow...
✓ Workflow compiled
✓ Simulation limits enabled
  HTTP: req=120kb resp=250kb timeout=10s | ConfHTTP: req=125kb resp=500kb timeout=1m30s | Consensus obs=25kb | ChainWrite evm_report=50kb evm_gas=10000000 solana_report=265b solana_cu=300000 | WASM binary=100mb compressed=20mb
  Binary hash: a3033993b5a88c7937f59118e20f5373b8c3fe90fdef9be4084d5e6b53efcceb
  Config hash: 272f61651411135c44e4748409b1f1cf46ff1a893bd01bf10038a9691f4fbe2e
✓ Loaded JSON from file: /Users/gilbertsahumada/projects/private-hire/.local/protocol-demo/payload.json
✓ Created HTTP trigger payload with 0 fields
2026-09-13T16:23:23Z [SIMULATION] Simulator Initialized

2026-09-13T16:23:23Z [SIMULATION] Running trigger trigger=http-trigger@1.0.0-alpha
╭────────────────────────────────────────────────────────────────────────────────────────────────────╮
│ Trigger requested TEE Execution your trigger will run in one of the following Tees:                │
│     - AWS Nitro in us-west-2                                                                       │
│ The simulator is not a real TEE, and is meant to debug.                                            │
│ Do not use it for sensitive information.                                                           │
│ During real execution, user logs for this trigger will not be visible, and will not leave the TEE. │
│ They are presented in the simulator for debugging only.                                            │
│                                                                                                    │
╰────────────────────────────────────────────────────────────────────────────────────────────────────╯


✓ Workflow Simulation Result:
"PROTOCOL_DEMO_RESULT={\"task\":{\"id\":\"server-23dc44d4ae6198b6\",\"contextId\":\"context-server-23dc44d4ae6198b6\",\"status\":{\"state\":\"TASK_STATE_WORKING\"}}}"

2026-09-13T16:23:23Z [SIMULATION] Execution finished signal received
2026-09-13T16:23:23Z [SIMULATION] Skipping WorkflowEngineV2
